#!/usr/bin/env clitest
# Test charge thresholds for laptops with ChromeOS EC (cmd v2)
# Requirements:
# * Hardware:
#   1. Chromebook
#   2. Framework Laptop 13/16 Intel/AMD
# * Software:
#   1.,2.: cros_charge-control (Linux 6.12.8/6.13+)
#   2.: out-of-tree kernel module framework_laptop
# Copyright (c) 2025 Thomas Koch <linrunner at gmx.net>.
# SPDX-License-Identifier: GPL-2.0-or-later
#
$ # +++ ChromeOS EC (cmd v2) laptops +++++++++++++++++++++++++++++++++++++++++++++++++++++++++++++++++++
$ #
$ # --- tlp start
$ sudo tlp start -- ${xinc} START_CHARGE_THRESH_${bata} STOP_CHARGE_THRESH_${bata} START_CHARGE_THRESH_${batb}= STOP_CHARGE_THRESH_${batb}= 2>&1 | sed -r "s/(TLP started).*/\1/"
TLP started
$ sudo tlp start -- ${xinc} START_CHARGE_THRESH_${bata}="60" STOP_CHARGE_THRESH_${bata}="100" START_CHARGE_THRESH_${batb}= STOP_CHARGE_THRESH_${batb}= 2>&1 | sed -r "s/(TLP started).*/\1/"
TLP started
$ sudo tlp start -- ${xinc} START_CHARGE_THRESH_${bata}="na" STOP_CHARGE_THRESH_${bata}="0" START_CHARGE_THRESH_${batb}= STOP_CHARGE_THRESH_${batb}= 2>&1 | sed -r "s/${bata}/BATA/;s/(TLP started).*/\1/"
Error in configuration at STOP_CHARGE_THRESH_BATA="0": not specified, invalid or out of range (1..100). Battery skipped.
TLP started
$ sudo tlp start -- ${xinc} START_CHARGE_THRESH_${bata}="0" STOP_CHARGE_THRESH_${bata}="101" START_CHARGE_THRESH_${batb}= STOP_CHARGE_THRESH_${batb}= 2>&1 | sed -r "s/${bata}/BATA/;s/(TLP started).*/\1/"
Error in configuration at STOP_CHARGE_THRESH_BATA="101": not specified, invalid or out of range (1..100). Battery skipped.
TLP started
$ sudo tlp start -- ${xinc} START_CHARGE_THRESH_${bata}="na" STOP_CHARGE_THRESH_${bata}="86" START_CHARGE_THRESH_${batb}= STOP_CHARGE_THRESH_${batb}= 2>&1 | sed -r "s/(TLP started).*/\1/"
TLP started
$ sudo tlp start -- ${xinc} START_CHARGE_THRESH_${bata}="DEF" STOP_CHARGE_THRESH_${bata}="DEF" START_CHARGE_THRESH_${batb}= STOP_CHARGE_THRESH_${batb}= 2>&1 | sed -r "s/(TLP started).*/\1/"
TLP started
$ sudo tlp start -- ${xinc} NATACPI_ENABLE=0 START_CHARGE_THRESH_${bata}="DEF" STOP_CHARGE_THRESH_${bata}="DEF" 2>&1 | sed -r "s/(TLP started).*/\1/"
TLP started
$ #
$ # --- tlp setcharge w/o arguments
$ sudo tlp setcharge -- ${xinc} START_CHARGE_THRESH_${bata}="60" STOP_CHARGE_THRESH_${bata}="100" 2>&1 | sed -r "s/${bata}/BATA/"
Setting temporary charge threshold(s) for battery BATA:
  stop  = 100 (no change)
$ sudo tlp setcharge -- ${xinc} START_CHARGE_THRESH_${bata}="na" STOP_CHARGE_THRESH_${bata}="0" 2>&1 | sed -r "s/${bata}/BATA/"
Error in configuration at STOP_CHARGE_THRESH_BATA="0": not specified, invalid or out of range (1..100). Aborted.
$ sudo tlp setcharge -- ${xinc} START_CHARGE_THRESH_${bata}="0" STOP_CHARGE_THRESH_${bata}="101" 2>&1| sed -r "s/${bata}/BATA/"
Error in configuration at STOP_CHARGE_THRESH_BATA="101": not specified, invalid or out of range (1..100). Aborted.
$ sudo tlp setcharge -- ${xinc} START_CHARGE_THRESH_${bata}="ABCDE" STOP_CHARGE_THRESH_${bata}="XYZZY" 2>&1 | sed -r "s/${bata}/BATA/"
Error in configuration at STOP_CHARGE_THRESH_BATA="XYZZY": not specified, invalid or out of range (1..100). Aborted.
$ sudo tlp setcharge -- ${xinc} START_CHARGE_THRESH_${bata}="na" STOP_CHARGE_THRESH_${bata}="100" 2>&1 | sed -r "s/${bata}/BATA/"
Setting temporary charge threshold(s) for battery BATA:
  stop  = 100 (no change)
$ sudo tlp setcharge -- ${xinc} START_CHARGE_THRESH_${bata}="na" STOP_CHARGE_THRESH_${bata}="86" 2>&1 | sed -r "s/${bata}/BATA/"
Setting temporary charge threshold(s) for battery BATA:
  stop  =  86
$ sudo tlp setcharge -- ${xinc} START_CHARGE_THRESH_${bata}="na" STOP_CHARGE_THRESH_${bata}="80" 2>&1 | sed -r "s/${bata}/BATA/"
Setting temporary charge threshold(s) for battery BATA:
  stop  =  80
$ sudo tlp setcharge -- ${xinc} START_CHARGE_THRESH_${bata}="na" STOP_CHARGE_THRESH_${bata}="80" 2>&1 | sed -r "s/${bata}/BATA/"
Setting temporary charge threshold(s) for battery BATA:
  stop  =  80 (no change)
$ sudo tlp setcharge -- ${xinc} START_CHARGE_THRESH_${bata}="DEF" STOP_CHARGE_THRESH_${bata}="DEF" 2>&1 | sed -r "s/${bata}/BATA/"
Setting temporary charge threshold(s) for battery BATA:
  stop  = 100
$ sudo tlp setcharge -- ${xinc} NATACPI_ENABLE=0 START_CHARGE_THRESH_${bata}="DEF" STOP_CHARGE_THRESH_${bata}="DEF" 2>&1 | sed -r "s/${bata}/BATA/"
Error: there is no hardware driver support for charge thresholds.
$ #
$ # --- tlp setcharge w/ arguments
$ sudo tlp setcharge 60 100 ${bata} -- ${xinc} 2>&1 | sed -r "s/${bata}/BATA/"
Setting temporary charge threshold(s) for battery BATA:
  stop  = 100 (no change)
$ sudo tlp setcharge 0 0 -- ${xinc} 2>&1 | sed -r "s/${bata}/BATA/"
Error: stop charge threshold (0) for BATA is not specified, invalid or out of range (1..100). Aborted.
$ sudo tlp setcharge 0 101 -- ${xinc} 2>&1 | sed -r "s/${bata}/BATA/"
Error: stop charge threshold (101) for BATA is not specified, invalid or out of range (1..100). Aborted.
$ sudo tlp setcharge ABCDE 0 -- ${xinc} 2>&1 | sed -r "s/${bata}/BATA/"
Error: stop charge threshold (0) for BATA is not specified, invalid or out of range (1..100). Aborted.
$ sudo tlp setcharge 0 XYZZY -- ${xinc} 2>&1 | sed -r "s/${bata}/BATA/"
Error: stop charge threshold (XYZZY) for BATA is not specified, invalid or out of range (1..100). Aborted.
$ sudo tlp setcharge 97 100 -- ${xinc} 2>&1 | sed -r "s/${bata}/BATA/"
Setting temporary charge threshold(s) for battery BATA:
  stop  = 100 (no change)
$ sudo tlp setcharge 0 66 -- ${xinc} 2>&1 | sed -r "s/${bata}/BATA/"
Setting temporary charge threshold(s) for battery BATA:
  stop  =  66
$ sudo tlp setcharge 0 60 -- ${xinc} 2>&1 | sed -r "s/${bata}/BATA/"
Setting temporary charge threshold(s) for battery BATA:
  stop  =  60
$ sudo tlp setcharge 0 60 -- ${xinc} X_THRESH_SIMULATE_STOP="100" 2>&1 | sed -r "s/${bata}/BATA/"
Setting temporary charge threshold(s) for battery BATA:
  stop  =  60
$ sudo tlp setcharge 0 60 -- ${xinc} 2>&1 | sed -r "s/${bata}/BATA/"
Setting temporary charge threshold(s) for battery BATA:
  stop  =  60 (no change)
$ sudo tlp setcharge DEF DEF -- ${xinc} 2>&1 | sed -r "s/${bata}/BATA/"
Setting temporary charge threshold(s) for battery BATA:
  stop  = 100
$ sudo tlp setcharge ${batb} -- ${xinc} 2>&1 | sed -r "s/${batb}/BATB/"
Error: battery BATB not present.
$ sudo tlp setcharge 0 3 ${batb} -- ${xinc} 2>&1 | sed -r "s/${batb}/BATB/"
Error: battery BATB not present.
$ sudo tlp setcharge XYZZY ABCDE ${batb} -- ${xinc} 2>&1 | sed -r "s/${batb}/BATB/"
Error: battery BATB not present.
$ #
$ # --- tlp-stat
$ sudo tlp-stat -b -- ${xinc} | grep "${bata}/charge_control_end_threshold" | sed -r "s/${bata}/BATA/"
/sys/class/power_supply/BATA/charge_control_end_threshold   =    100 [%]
$ sudo tlp-stat -b -- ${xinc} X_THRESH_SIMULATE_READERR=1 | grep "${bata}/charge_control_end_threshold" | sed -r "s/${bata}/BATA/"
/sys/class/power_supply/BATA/charge_control_end_threshold   = (not available) [%]
$ #
$ # --- Reset test machine to configured thresholds
$ sudo tlp setcharge ${bata} -- ${xinc} > /dev/null 2>&1
$ #
